key, qnet_params['params']['Dense_0']['bias'], qnet_params['params']['Dense_0']['kernel'], qnet_params['params']['Dense_1']['bias'], qnet_params['params']['Dense_1']['kernel'], qnet_params['params']['Dense_2']['bias'], qnet_params['params']['Dense_2']['kernel'], actor_params['params']['Dense_0']['bias'], actor_params['params']['Dense_0']['kernel'], actor_params['params']['Dense_1']['bias'], actor_params['params']['Dense_1']['kernel'], actor_params['params']['Dense_2']['bias'], actor_params['params']['Dense_2']['kernel'], target_qnet_params['params']['Dense_0']['bias'], target_qnet_params['params']['Dense_0']['kernel'], target_qnet_params['params']['Dense_1']['bias'], target_qnet_params['params']['Dense_1']['kernel'], target_qnet_params['params']['Dense_2']['bias'], target_qnet_params['params']['Dense_2']['kernel'], target_actor_params['params']['Dense_0']['bias'], target_actor_params['params']['Dense_0']['kernel'], target_actor_params['params']['Dense_1']['bias'], target_actor_params['params']['Dense_1']['kernel'], target_actor_params['params']['Dense_2']['bias'], target_actor_params['params']['Dense_2']['kernel'], qnet_opt_state[0].count, qnet_opt_state[0].mu['params']['Dense_0']['bias'], qnet_opt_state[0].mu['params']['Dense_0']['kernel'], qnet_opt_state[0].mu['params']['Dense_1']['bias'], qnet_opt_state[0].mu['params']['Dense_1']['kernel'], qnet_opt_state[0].mu['params']['Dense_2']['bias'], qnet_opt_state[0].mu['params']['Dense_2']['kernel'], qnet_opt_state[0].nu['params']['Dense_0']['bias'], qnet_opt_state[0].nu['params']['Dense_0']['kernel'], qnet_opt_state[0].nu['params']['Dense_1']['bias'], qnet_opt_state[0].nu['params']['Dense_1']['kernel'], qnet_opt_state[0].nu['params']['Dense_2']['bias'], qnet_opt_state[0].nu['params']['Dense_2']['kernel'], actor_opt_state[0].count, actor_opt_state[0].mu['params']['Dense_0']['bias'], actor_opt_state[0].mu['params']['Dense_0']['kernel'], actor_opt_state[0].mu['params']['Dense_1']['bias'], actor_opt_state[0].mu['params']['Dense_1']['kernel'], actor_opt_state[0].mu['params']['Dense_2']['bias'], actor_opt_state[0].mu['params']['Dense_2']['kernel'], actor_opt_state[0].nu['params']['Dense_0']['bias'], actor_opt_state[0].nu['params']['Dense_0']['kernel'], actor_opt_state[0].nu['params']['Dense_1']['bias'], actor_opt_state[0].nu['params']['Dense_1']['kernel'], actor_opt_state[0].nu['params']['Dense_2']['bias'], actor_opt_state[0].nu['params']['Dense_2']['kernel'], env_params.max_steps_in_episode, env_params.max_speed, env_params.max_torque, env_params.dt, env_params.g, env_params.m, env_params.l, env_state.env_state.time, env_state.env_state.theta, env_state.env_state.theta_dot, env_state.env_state.last_u, env_state.episode_returns, env_state.episode_lengths, env_state.returned_episode_returns, env_state.returned_episode_lengths, eps_cur, gamma, tau, buffer_state.experience.obs, buffer_state.experience.action, buffer_state.experience.reward, buffer_state.experience.next_obs, buffer_state.experience.termination, buffer_state.experience.truncation, buffer_state.current_index, buffer_state.is_full
ShapedArray(key<fry>), ShapedArray(float32[128]), ShapedArray(float32[4,128]), ShapedArray(float32[64]), ShapedArray(float32[128,64]), ShapedArray(float32[1]), ShapedArray(float32[64,1]), ShapedArray(float32[128]), ShapedArray(float32[3,128]), ShapedArray(float32[64]), ShapedArray(float32[128,64]), ShapedArray(float32[1]), ShapedArray(float32[64,1]), ShapedArray(float32[128]), ShapedArray(float32[4,128]), ShapedArray(float32[64]), ShapedArray(float32[128,64]), ShapedArray(float32[1]), ShapedArray(float32[64,1]), ShapedArray(float32[128]), ShapedArray(float32[3,128]), ShapedArray(float32[64]), ShapedArray(float32[128,64]), ShapedArray(float32[1]), ShapedArray(float32[64,1]), ShapedArray(int32), ShapedArray(float32[128]), ShapedArray(float32[4,128]), ShapedArray(float32[64]), ShapedArray(float32[128,64]), ShapedArray(float32[1]), ShapedArray(float32[64,1]), ShapedArray(float32[128]), ShapedArray(float32[4,128]), ShapedArray(float32[64]), ShapedArray(float32[128,64]), ShapedArray(float32[1]), ShapedArray(float32[64,1]), ShapedArray(int32), ShapedArray(float32[128]), ShapedArray(float32[3,128]), ShapedArray(float32[64]), ShapedArray(float32[128,64]), ShapedArray(float32[1]), ShapedArray(float32[64,1]), ShapedArray(float32[128]), ShapedArray(float32[3,128]), ShapedArray(float32[64]), ShapedArray(float32[128,64]), ShapedArray(float32[1]), ShapedArray(float32[64,1]), ShapedArray(int32, weak_type=True), ShapedArray(float32, weak_type=True), ShapedArray(float32, weak_type=True), ShapedArray(float32, weak_type=True), ShapedArray(float32, weak_type=True), ShapedArray(float32, weak_type=True), ShapedArray(float32, weak_type=True), ShapedArray(int32[1]), ShapedArray(float32[1]), ShapedArray(float32[1]), ShapedArray(float32[1]), ShapedArray(int32[1]), ShapedArray(int32[1]), ShapedArray(int32[1]), ShapedArray(int32[1]), ShapedArray(float32), ShapedArray(float32, weak_type=True), ShapedArray(float32, weak_type=True), ShapedArray(float32[100000,10,3]), ShapedArray(float32[100000,10,1]), ShapedArray(float32[100000,10]), ShapedArray(float32[100000,10,3]), ShapedArray(float32[100000,10]), ShapedArray(float32[100000,10]), ShapedArray(int32), ShapedArray(bool)
ShapedArray(key<fry>[]), ShapedArray(float32[128]), ShapedArray(float32[4,128]), ShapedArray(float32[64]), ShapedArray(float32[128,64]), ShapedArray(float32[1]), ShapedArray(float32[64,1]), ShapedArray(float32[128]), ShapedArray(float32[3,128]), ShapedArray(float32[64]), ShapedArray(float32[128,64]), ShapedArray(float32[1]), ShapedArray(float32[64,1]), ShapedArray(float32[128]), ShapedArray(float32[4,128]), ShapedArray(float32[64]), ShapedArray(float32[128,64]), ShapedArray(float32[1]), ShapedArray(float32[64,1]), ShapedArray(float32[128]), ShapedArray(float32[3,128]), ShapedArray(float32[64]), ShapedArray(float32[128,64]), ShapedArray(float32[1]), ShapedArray(float32[64,1]), ShapedArray(int32[]), ShapedArray(float32[128]), ShapedArray(float32[4,128]), ShapedArray(float32[64]), ShapedArray(float32[128,64]), ShapedArray(float32[1]), ShapedArray(float32[64,1]), ShapedArray(float32[128]), ShapedArray(float32[4,128]), ShapedArray(float32[64]), ShapedArray(float32[128,64]), ShapedArray(float32[1]), ShapedArray(float32[64,1]), ShapedArray(int32[]), ShapedArray(float32[128]), ShapedArray(float32[3,128]), ShapedArray(float32[64]), ShapedArray(float32[128,64]), ShapedArray(float32[1]), ShapedArray(float32[64,1]), ShapedArray(float32[128]), ShapedArray(float32[3,128]), ShapedArray(float32[64]), ShapedArray(float32[128,64]), ShapedArray(float32[1]), ShapedArray(float32[64,1]), ShapedArray(int32[], weak_type=True), ShapedArray(float32[], weak_type=True), ShapedArray(float32[], weak_type=True), ShapedArray(float32[], weak_type=True), ShapedArray(float32[], weak_type=True), ShapedArray(float32[], weak_type=True), ShapedArray(float32[], weak_type=True), ShapedArray(int32[1], weak_type=True), ShapedArray(float32[1]), ShapedArray(float32[1]), ShapedArray(float32[1], weak_type=True), ShapedArray(int32[1], weak_type=True), ShapedArray(int32[1], weak_type=True), ShapedArray(int32[1], weak_type=True), ShapedArray(int32[1], weak_type=True), ShapedArray(float32[]), ShapedArray(float32[100000,10,3]), ShapedArray(float32[100000,10,1]), ShapedArray(float32[100000,10]), ShapedArray(float32[100000,10,3]), ShapedArray(float32[100000,10]), ShapedArray(float32[100000,10]), ShapedArray(int32[]), ShapedArray(bool[])
ShapedArray(key<fry>[]), ShapedArray(float32[128]), ShapedArray(float32[4,128]), ShapedArray(float32[64]), ShapedArray(float32[128,64]), ShapedArray(float32[1]), ShapedArray(float32[64,1]), ShapedArray(float32[128]), ShapedArray(float32[3,128]), ShapedArray(float32[64]), ShapedArray(float32[128,64]), ShapedArray(float32[1]), ShapedArray(float32[64,1]), ShapedArray(float32[128]), ShapedArray(float32[4,128]), ShapedArray(float32[64]), ShapedArray(float32[128,64]), ShapedArray(float32[1]), ShapedArray(float32[64,1]), ShapedArray(float32[128]), ShapedArray(float32[3,128]), ShapedArray(float32[64]), ShapedArray(float32[128,64]), ShapedArray(float32[1]), ShapedArray(float32[64,1]), ShapedArray(int32[]), ShapedArray(float32[128]), ShapedArray(float32[4,128]), ShapedArray(float32[64]), ShapedArray(float32[128,64]), ShapedArray(float32[1]), ShapedArray(float32[64,1]), ShapedArray(float32[128]), ShapedArray(float32[4,128]), ShapedArray(float32[64]), ShapedArray(float32[128,64]), ShapedArray(float32[1]), ShapedArray(float32[64,1]), ShapedArray(int32[]), ShapedArray(float32[128]), ShapedArray(float32[3,128]), ShapedArray(float32[64]), ShapedArray(float32[128,64]), ShapedArray(float32[1]), ShapedArray(float32[64,1]), ShapedArray(float32[128]), ShapedArray(float32[3,128]), ShapedArray(float32[64]), ShapedArray(float32[128,64]), ShapedArray(float32[1]), ShapedArray(float32[64,1]), ShapedArray(int32[], weak_type=True), ShapedArray(float32[], weak_type=True), ShapedArray(float32[], weak_type=True), ShapedArray(float32[], weak_type=True), ShapedArray(float32[], weak_type=True), ShapedArray(float32[], weak_type=True), ShapedArray(float32[], weak_type=True), ShapedArray(int32[1], weak_type=True), ShapedArray(float32[1]), ShapedArray(float32[1]), ShapedArray(float32[1]), ShapedArray(float32[1]), ShapedArray(int32[1], weak_type=True), ShapedArray(float32[1]), ShapedArray(int32[1], weak_type=True), ShapedArray(float32[]), ShapedArray(float32[], weak_type=True), ShapedArray(float32[100000,10,3]), ShapedArray(float32[100000,10,1]), ShapedArray(float32[100000,10]), ShapedArray(float32[100000,10,3]), ShapedArray(float32[100000,10]), ShapedArray(float32[100000,10]), ShapedArray(int32[]), ShapedArray(bool[])
ShapedArray(key<fry>[]), ShapedArray(float32[128]), ShapedArray(float32[4,128]), ShapedArray(float32[64]), ShapedArray(float32[128,64]), ShapedArray(float32[1]), ShapedArray(float32[64,1]), ShapedArray(float32[128]), ShapedArray(float32[3,128]), ShapedArray(float32[64]), ShapedArray(float32[128,64]), ShapedArray(float32[1]), ShapedArray(float32[64,1]), ShapedArray(float32[128]), ShapedArray(float32[4,128]), ShapedArray(float32[64]), ShapedArray(float32[128,64]), ShapedArray(float32[1]), ShapedArray(float32[64,1]), ShapedArray(float32[128]), ShapedArray(float32[3,128]), ShapedArray(float32[64]), ShapedArray(float32[128,64]), ShapedArray(float32[1]), ShapedArray(float32[64,1]), ShapedArray(int32[]), ShapedArray(float32[128]), ShapedArray(float32[4,128]), ShapedArray(float32[64]), ShapedArray(float32[128,64]), ShapedArray(float32[1]), ShapedArray(float32[64,1]), ShapedArray(float32[128]), ShapedArray(float32[4,128]), ShapedArray(float32[64]), ShapedArray(float32[128,64]), ShapedArray(float32[1]), ShapedArray(float32[64,1]), ShapedArray(int32[]), ShapedArray(float32[128]), ShapedArray(float32[3,128]), ShapedArray(float32[64]), ShapedArray(float32[128,64]), ShapedArray(float32[1]), ShapedArray(float32[64,1]), ShapedArray(float32[128]), ShapedArray(float32[3,128]), ShapedArray(float32[64]), ShapedArray(float32[128,64]), ShapedArray(float32[1]), ShapedArray(float32[64,1]), ShapedArray(int32[], weak_type=True), ShapedArray(float32[], weak_type=True), ShapedArray(float32[], weak_type=True), ShapedArray(float32[], weak_type=True), ShapedArray(float32[], weak_type=True), ShapedArray(float32[], weak_type=True), ShapedArray(float32[], weak_type=True), ShapedArray(int32[1], weak_type=True), ShapedArray(float32[1]), ShapedArray(float32[1]), ShapedArray(float32[1]), ShapedArray(float32[1]), ShapedArray(int32[1], weak_type=True), ShapedArray(float32[1]), ShapedArray(int32[1], weak_type=True), ShapedArray(float32[]), ShapedArray(float32[], weak_type=True), ShapedArray(float32[100000,10,3]), ShapedArray(float32[100000,10,1]), ShapedArray(float32[100000,10]), ShapedArray(float32[100000,10,3]), ShapedArray(float32[100000,10]), ShapedArray(float32[100000,10]), ShapedArray(int32[]), ShapedArray(bool[])
ShapedArray(key<fry>[]), ShapedArray(float32[128]), ShapedArray(float32[4,128]), ShapedArray(float32[64]), ShapedArray(float32[128,64]), ShapedArray(float32[1]), ShapedArray(float32[64,1]), ShapedArray(float32[128]), ShapedArray(float32[3,128]), ShapedArray(float32[64]), ShapedArray(float32[128,64]), ShapedArray(float32[1]), ShapedArray(float32[64,1]), ShapedArray(float32[128]), ShapedArray(float32[4,128]), ShapedArray(float32[64]), ShapedArray(float32[128,64]), ShapedArray(float32[1]), ShapedArray(float32[64,1]), ShapedArray(float32[128]), ShapedArray(float32[3,128]), ShapedArray(float32[64]), ShapedArray(float32[128,64]), ShapedArray(float32[1]), ShapedArray(float32[64,1]), ShapedArray(int32[]), ShapedArray(float32[128]), ShapedArray(float32[4,128]), ShapedArray(float32[64]), ShapedArray(float32[128,64]), ShapedArray(float32[1]), ShapedArray(float32[64,1]), ShapedArray(float32[128]), ShapedArray(float32[4,128]), ShapedArray(float32[64]), ShapedArray(float32[128,64]), ShapedArray(float32[1]), ShapedArray(float32[64,1]), ShapedArray(int32[]), ShapedArray(float32[128]), ShapedArray(float32[3,128]), ShapedArray(float32[64]), ShapedArray(float32[128,64]), ShapedArray(float32[1]), ShapedArray(float32[64,1]), ShapedArray(float32[128]), ShapedArray(float32[3,128]), ShapedArray(float32[64]), ShapedArray(float32[128,64]), ShapedArray(float32[1]), ShapedArray(float32[64,1]), ShapedArray(int32[], weak_type=True), ShapedArray(float32[], weak_type=True), ShapedArray(float32[], weak_type=True), ShapedArray(float32[], weak_type=True), ShapedArray(float32[], weak_type=True), ShapedArray(float32[], weak_type=True), ShapedArray(float32[], weak_type=True), ShapedArray(int32[1], weak_type=True), ShapedArray(float32[1]), ShapedArray(float32[1]), ShapedArray(float32[1]), ShapedArray(float32[1]), ShapedArray(int32[1], weak_type=True), ShapedArray(float32[1]), ShapedArray(int32[1], weak_type=True), ShapedArray(float32[]), ShapedArray(float32[], weak_type=True), ShapedArray(float32[], weak_type=True), ShapedArray(float32[100000,10,3]), ShapedArray(float32[100000,10,1]), ShapedArray(float32[100000,10]), ShapedArray(float32[100000,10,3]), ShapedArray(float32[100000,10]), ShapedArray(float32[100000,10]), ShapedArray(int32[]), ShapedArray(bool[])
ShapedArray(key<fry>[]), ShapedArray(float32[128]), ShapedArray(float32[4,128]), ShapedArray(float32[64]), ShapedArray(float32[128,64]), ShapedArray(float32[1]), ShapedArray(float32[64,1]), ShapedArray(float32[128]), ShapedArray(float32[3,128]), ShapedArray(float32[64]), ShapedArray(float32[128,64]), ShapedArray(float32[1]), ShapedArray(float32[64,1]), ShapedArray(float32[128]), ShapedArray(float32[4,128]), ShapedArray(float32[64]), ShapedArray(float32[128,64]), ShapedArray(float32[1]), ShapedArray(float32[64,1]), ShapedArray(float32[128]), ShapedArray(float32[3,128]), ShapedArray(float32[64]), ShapedArray(float32[128,64]), ShapedArray(float32[1]), ShapedArray(float32[64,1]), ShapedArray(int32[]), ShapedArray(float32[128]), ShapedArray(float32[4,128]), ShapedArray(float32[64]), ShapedArray(float32[128,64]), ShapedArray(float32[1]), ShapedArray(float32[64,1]), ShapedArray(float32[128]), ShapedArray(float32[4,128]), ShapedArray(float32[64]), ShapedArray(float32[128,64]), ShapedArray(float32[1]), ShapedArray(float32[64,1]), ShapedArray(int32[]), ShapedArray(float32[128]), ShapedArray(float32[3,128]), ShapedArray(float32[64]), ShapedArray(float32[128,64]), ShapedArray(float32[1]), ShapedArray(float32[64,1]), ShapedArray(float32[128]), ShapedArray(float32[3,128]), ShapedArray(float32[64]), ShapedArray(float32[128,64]), ShapedArray(float32[1]), ShapedArray(float32[64,1]), ShapedArray(int32[], weak_type=True), ShapedArray(float32[], weak_type=True), ShapedArray(float32[], weak_type=True), ShapedArray(float32[], weak_type=True), ShapedArray(float32[], weak_type=True), ShapedArray(float32[], weak_type=True), ShapedArray(float32[], weak_type=True), ShapedArray(int32[1], weak_type=True), ShapedArray(float32[1]), ShapedArray(float32[1]), ShapedArray(float32[1]), ShapedArray(float32[1]), ShapedArray(int32[1], weak_type=True), ShapedArray(float32[1]), ShapedArray(int32[1], weak_type=True), ShapedArray(float32[]), ShapedArray(float32[100000,10,3]), ShapedArray(float32[100000,10,1]), ShapedArray(float32[100000,10]), ShapedArray(float32[100000,10,3]), ShapedArray(float32[100000,10]), ShapedArray(float32[100000,10]), ShapedArray(int32[]), ShapedArray(bool[])
